2014-10-30                                                      
14:00 intro, meeting                                            | 840 
16:00 end = 2:00                                                | 960 =  120m

TOTAL HOURS:    2:00
TOTAL EXPENSE: $0.00
TOTAL PAYMENT: $0.00
TOTAL:         $0.00
